        Info Looking up installed tauri packages to check mismatched versions...
     Running beforeBuildCommand `npm run build`

> socratic-citation-coach@0.1.0 build
> tsc --noEmit && vite build

[36mvite v8.1.5 [32mbuilding client environment for production...[36m[39m
[2Ktransforming...✓ 2026 modules transformed.
rendering chunks...
computing gzip size...
dist/index.html                              0.75 kB │ gzip:   0.44 kB
dist/assets/pdf.worker.min-CHFwMXne.mjs  1,262.39 kB
dist/assets/index-gJJv1TUa.css              25.75 kB │ gzip:   6.08 kB
dist/assets/typeof-B5XbjTb1.js               0.31 kB │ gzip:   0.20 kB │ map:     0.79 kB
dist/assets/purify.es-DuRL7t6i.js           26.92 kB │ gzip:  10.49 kB │ map:   146.62 kB
dist/assets/index.es-BPjPVH0k.js           151.40 kB │ gzip:  48.93 kB │ map:   593.66 kB
dist/assets/html2canvas-C6blWVn5.js        199.60 kB │ gzip:  46.81 kB │ map:   597.94 kB
dist/assets/index-BfHGRaOe.js              355.76 kB │ gzip: 112.07 kB │ map: 1,327.70 kB
dist/assets/jspdf.es.min-D5bnGaCF.js       399.37 kB │ gzip: 129.67 kB │ map: 1,246.11 kB
dist/assets/pdf-Bve8wA0d.js                427.58 kB │ gzip: 127.45 kB │ map: 1,379.23 kB
dist/assets/mammoth.browser-DFypoO9P.js    491.75 kB │ gzip: 118.77 kB │ map: 1,445.61 kB

[32m✓ built in 1.01s[39m
   Compiling socratic-citation-coach v0.1.0 (C:\Users\linus\Desktop\KIRO2\src-tauri)
    Finished `release` profile [optimized] target(s) in 1m 35s
       Built application at: C:\Users\linus\Desktop\KIRO2\src-tauri\target\release\socratic-citation-coach.exe
        Info Patching C:\Users\linus\Desktop\KIRO2\src-tauri\target\release\socratic-citation-coach.exe with bundle type information: msi
        Info Target: x64
     Running candle for "C:\\Users\\linus\\Desktop\\KIRO2\\src-tauri\\target\\release\\wix\\x64\\main.wxs"
     Running light to produce C:\Users\linus\Desktop\KIRO2\src-tauri\target\release\bundle\msi\Socratic Citation Coach_0.1.0_x64_en-US.msi
        Info Patching C:\Users\linus\Desktop\KIRO2\src-tauri\target\release\socratic-citation-coach.exe with bundle type information: nsis
        Info Target: x64
     Running makensis to produce C:\Users\linus\Desktop\KIRO2\src-tauri\target\release\bundle\nsis\Socratic Citation Coach_0.1.0_x64-setup.exe
    Finished 2 bundles at:
        C:\Users\linus\Desktop\KIRO2\src-tauri\target\release\bundle\msi\Socratic Citation Coach_0.1.0_x64_en-US.msi
        C:\Users\linus\Desktop\KIRO2\src-tauri\target\release\bundle\nsis\Socratic Citation Coach_0.1.0_x64-setup.exe

